// Jest Snapshot v1, https://goo.gl/fbAQLP

exports[`Homepage component Matches snapshot 1`] = `
<DocumentFragment>
  <div
    class="Homepage"
  >
    <div
      class="text-center"
    >
      <h1
        class="mb-4 font-weight-bold"
      >
        MOVIES
      </h1>
      <p>
        All the movies in one. Enjoys your movie with us!.
      </p>
      <h2>
        Welcome back! 
      </h2>
    </div>
  </div>
</DocumentFragment>
`;
